gpasm-1.4.0 #1107 (May  9 2015) /home/murat/d   2-11-2020  15:51:34         PAGE  1


LOC    OBJECT CODE    LINE  SOURCE TEXT
  VALUE

                      00001 ;--------------------------------------------------------
                      00002 ; File Created by SDCC : free open source ANSI-C Compiler
                      00003 ; Version 4.0.0 #11528 (Linux)
                      00004 ;--------------------------------------------------------
                      00005 ; PIC port for the 14-bit core
                      00006 ;--------------------------------------------------------
                      00007 ;       .file   "628aled.c"
                      00008         list    p=16f877a
                      00009         radix dec
                      00010         include "p16f877a.inc"
                      00001         LIST
                      00002 
                      00003 ;==========================================================================
                      00004 ; Build date : Aug 07 2014
                      00005 ;  MPASM PIC16F877A processor include
                      00006 ; 
                      00007 ;  (c) Copyright 1999-2014 Microchip Technology, All rights reserved
                      00008 ;==========================================================================
                      00009 
                      00567         LIST
                      00011 ;--------------------------------------------------------
                      00012 ; config word(s)
                      00013 ;--------------------------------------------------------
2007   0000           00014         __config 0x1
                      00015 ;--------------------------------------------------------
                      00016 ; external declarations
                      00017 ;--------------------------------------------------------
  0000                00018         extern  _TRISBbits
  0000                00019         extern  _TRISAbits
  0000                00020         extern  _PORTBbits
  0000                00021         extern  _PORTAbits
  0000                00022         extern  __sdcc_gsinit_startup
                      00023 ;--------------------------------------------------------
                      00024 ; global declarations
                      00025 ;--------------------------------------------------------
  0000                00026         global  _main
  0000                00027         global  _delay
                      00028 
  0000                00029         global PSAVE
  0000                00030         global SSAVE
  0000                00031         global WSAVE
  0000                00032         global STK12
  0000                00033         global STK11
  0000                00034         global STK10
  0000                00035         global STK09
  0000                00036         global STK08
  0000                00037         global STK07
  0000                00038         global STK06
  0000                00039         global STK05
  0000                00040         global STK04
  0000                00041         global STK03
  0000                00042         global STK02
  0000                00043         global STK01
gpasm-1.4.0 #1107 (May  9 2015) /home/murat/d   2-11-2020  15:51:34         PAGE  2


LOC    OBJECT CODE    LINE  SOURCE TEXT
  VALUE

  0000                00044         global STK00
                      00045 
                      00046 sharebank udata_ovr 0x0070
0070                  00047 PSAVE   res 1
0071                  00048 SSAVE   res 1
0072                  00049 WSAVE   res 1
0073                  00050 STK12   res 1
0074                  00051 STK11   res 1
0075                  00052 STK10   res 1
0076                  00053 STK09   res 1
0077                  00054 STK08   res 1
0078                  00055 STK07   res 1
0079                  00056 STK06   res 1
007A                  00057 STK05   res 1
007B                  00058 STK04   res 1
007C                  00059 STK03   res 1
007D                  00060 STK02   res 1
007E                  00061 STK01   res 1
007F                  00062 STK00   res 1
                      00063 
                      00064 ;--------------------------------------------------------
                      00065 ; global definitions
                      00066 ;--------------------------------------------------------
                      00067 ;--------------------------------------------------------
                      00068 ; absolute symbol definitions
                      00069 ;--------------------------------------------------------
                      00070 ;--------------------------------------------------------
                      00071 ; compiler-defined variables
                      00072 ;--------------------------------------------------------
                      00073 UDL_628aled_0   udata
0000                  00074 r0x1001 res     1
0001                  00075 r0x1000 res     1
0002                  00076 r0x1002 res     1
0003                  00077 r0x1003 res     1
0004                  00078 r0x1004 res     1
0005                  00079 r0x1005 res     1
0006                  00080 r0x1006 res     1
0007                  00081 r0x1007 res     1
0008                  00082 r0x1008 res     1
0009                  00083 r0x1009 res     1
                      00084 ;--------------------------------------------------------
                      00085 ; initialized data
                      00086 ;--------------------------------------------------------
                      00087 ;--------------------------------------------------------
                      00088 ; initialized absolute data
                      00089 ;--------------------------------------------------------
                      00090 ;--------------------------------------------------------
                      00091 ; overlayable items in internal ram 
                      00092 ;--------------------------------------------------------
                      00093 ;       udata_ovr
                      00094 ;--------------------------------------------------------
                      00095 ; reset vector 
                      00096 ;--------------------------------------------------------
gpasm-1.4.0 #1107 (May  9 2015) /home/murat/d   2-11-2020  15:51:34         PAGE  3


LOC    OBJECT CODE    LINE  SOURCE TEXT
  VALUE

                      00097 STARTUP code 0x0000
0000   0000           00098         nop
0001   ???? ????      00099         pagesel __sdcc_gsinit_startup
0003   2???           00100         goto    __sdcc_gsinit_startup
                      00101 ;--------------------------------------------------------
                      00102 ; code
                      00103 ;--------------------------------------------------------
                      00104 code_628aled    code
                      00105 ;***
                      00106 ;  pBlock Stats: dbName = M
                      00107 ;***
                      00108 ;has an exit
                      00109 ;functions called:
                      00110 ;   _delay
                      00111 ;   _delay
                      00112 ;   _delay
                      00113 ;   _delay
                      00114 ;3 compiler assigned registers:
                      00115 ;   r0x1008
                      00116 ;   r0x1009
                      00117 ;   STK00
                      00118 ;; Starting pCode block
                      00119 S_628aled__main code
0000                  00120 _main:
                      00121 ; 2 exit points
                      00122 ;       .line   39; "628aled.c" LED1_TRIS = 0; // Pin çıkış olarak ayarlandı
0000   ???? ????      00123         BANKSEL _TRISBbits
0002   10??           00124         BCF     _TRISBbits,1
                      00125 ;       .line   40; "628aled.c" LED1_PORT = 0; // LED sönük
0003   ???? ????      00126         BANKSEL _PORTBbits
0005   10??           00127         BCF     _PORTBbits,1
                      00128 ;       .line   42; "628aled.c" LED2_TRIS = 0; // Pin çıkış olarak ayarlandı
0006   ???? ????      00129         BANKSEL _TRISAbits
0008   10??           00130         BCF     _TRISAbits,1
                      00131 ;       .line   43; "628aled.c" LED2_PORT = 0; // LED sönük
0009   ???? ????      00132         BANKSEL _PORTAbits
000B   10??           00133         BCF     _PORTAbits,1
000C                  00134 _00138_DS_:
                      00135 ;       .line   47; "628aled.c" LED1_PORT = ! LED2_PORT; // LED Yanıyor
000C   ???? ????      00136         BANKSEL r0x1008
000E   01??           00137         CLRF    r0x1008
000F   ???? ????      00138         BANKSEL _PORTAbits
0011   1C??           00139         BTFSS   _PORTAbits,1
0012   2???           00140         GOTO    _00001_DS_
0013   ???? ????      00141         BANKSEL r0x1008
0015   0A??           00142         INCF    r0x1008,F
0016                  00143 _00001_DS_:
0016   ???? ????      00144         BANKSEL r0x1008
0018   08??           00145         MOVF    r0x1008,W
0019   3000           00146         MOVLW   0x00
001A   1903           00147         BTFSC   STATUS,2
001B   3001           00148         MOVLW   0x01
001C   00??           00149         MOVWF   r0x1009
gpasm-1.4.0 #1107 (May  9 2015) /home/murat/d   2-11-2020  15:51:34         PAGE  4


LOC    OBJECT CODE    LINE  SOURCE TEXT
  VALUE

001D   00??           00150         MOVWF   r0x1008
001E   0C??           00151         RRF     r0x1008,W
001F   1803           00152         BTFSC   STATUS,0
0020   2???           00153         GOTO    _00002_DS_
0021   ???? ????      00154         BANKSEL _PORTBbits
0023   10??           00155         BCF     _PORTBbits,1
0024                  00156 _00002_DS_:
0024   1C03           00157         BTFSS   STATUS,0
0025   2???           00158         GOTO    _00003_DS_
0026   ???? ????      00159         BANKSEL _PORTBbits
0028   14??           00160         BSF     _PORTBbits,1
0029                  00161 _00003_DS_:
                      00162 ;       .line   48; "628aled.c" LED2_PORT = ! LED1_PORT;
0029   ???? ????      00163         BANKSEL r0x1008
002B   01??           00164         CLRF    r0x1008
002C   ???? ????      00165         BANKSEL _PORTBbits
002E   1C??           00166         BTFSS   _PORTBbits,1
002F   2???           00167         GOTO    _00004_DS_
0030   ???? ????      00168         BANKSEL r0x1008
0032   0A??           00169         INCF    r0x1008,F
0033                  00170 _00004_DS_:
0033   ???? ????      00171         BANKSEL r0x1008
0035   08??           00172         MOVF    r0x1008,W
0036   3000           00173         MOVLW   0x00
0037   1903           00174         BTFSC   STATUS,2
0038   3001           00175         MOVLW   0x01
0039   00??           00176         MOVWF   r0x1009
003A   00??           00177         MOVWF   r0x1008
003B   0C??           00178         RRF     r0x1008,W
003C   1803           00179         BTFSC   STATUS,0
003D   2???           00180         GOTO    _00005_DS_
003E   ???? ????      00181         BANKSEL _PORTAbits
0040   10??           00182         BCF     _PORTAbits,1
0041                  00183 _00005_DS_:
0041   1C03           00184         BTFSS   STATUS,0
0042   2???           00185         GOTO    _00006_DS_
0043   ???? ????      00186         BANKSEL _PORTAbits
0045   14??           00187         BSF     _PORTAbits,1
0046                  00188 _00006_DS_:
                      00189 ;       .line   49; "628aled.c" delay(11000);  // 4 sn bekle
0046   30F8           00190         MOVLW   0xf8
0047   00??           00191         MOVWF   STK00
0048   302A           00192         MOVLW   0x2a
0049   ???? ????      00193         PAGESEL _delay
004B   2???           00194         CALL    _delay
004C   ???? ????      00195         PAGESEL $
                      00196 ;       .line   50; "628aled.c" LED1_PORT = 0; // LED Sönük
004E   ???? ????      00197         BANKSEL _PORTBbits
0050   10??           00198         BCF     _PORTBbits,1
                      00199 ;       .line   51; "628aled.c" LED2_PORT = ! LED1_PORT;
0051   ???? ????      00200         BANKSEL r0x1008
0053   01??           00201         CLRF    r0x1008
0054   ???? ????      00202         BANKSEL _PORTBbits
gpasm-1.4.0 #1107 (May  9 2015) /home/murat/d   2-11-2020  15:51:34         PAGE  5


LOC    OBJECT CODE    LINE  SOURCE TEXT
  VALUE

0056   1C??           00203         BTFSS   _PORTBbits,1
0057   2???           00204         GOTO    _00007_DS_
0058   ???? ????      00205         BANKSEL r0x1008
005A   0A??           00206         INCF    r0x1008,F
005B                  00207 _00007_DS_:
005B   ???? ????      00208         BANKSEL r0x1008
005D   08??           00209         MOVF    r0x1008,W
005E   3000           00210         MOVLW   0x00
005F   1903           00211         BTFSC   STATUS,2
0060   3001           00212         MOVLW   0x01
0061   00??           00213         MOVWF   r0x1009
0062   00??           00214         MOVWF   r0x1008
0063   0C??           00215         RRF     r0x1008,W
0064   1803           00216         BTFSC   STATUS,0
0065   2???           00217         GOTO    _00008_DS_
0066   ???? ????      00218         BANKSEL _PORTAbits
0068   10??           00219         BCF     _PORTAbits,1
0069                  00220 _00008_DS_:
0069   1C03           00221         BTFSS   STATUS,0
006A   2???           00222         GOTO    _00009_DS_
006B   ???? ????      00223         BANKSEL _PORTAbits
006D   14??           00224         BSF     _PORTAbits,1
006E                  00225 _00009_DS_:
                      00226 ;       .line   52; "628aled.c" delay(50000);  // 4 sn bekle
006E   3050           00227         MOVLW   0x50
006F   00??           00228         MOVWF   STK00
0070   30C3           00229         MOVLW   0xc3
0071   ???? ????      00230         PAGESEL _delay
0073   2???           00231         CALL    _delay
0074   ???? ????      00232         PAGESEL $
0076   2???           00233         GOTO    _00138_DS_
                      00234 ;       .line   55; "628aled.c" }
0077   0008           00235         RETURN  
                      00236 ; exit point of _main
                      00237 
                      00238 ;***
                      00239 ;  pBlock Stats: dbName = C
                      00240 ;***
                      00241 ;has an exit
                      00242 ;9 compiler assigned registers:
                      00243 ;   r0x1000
                      00244 ;   STK00
                      00245 ;   r0x1001
                      00246 ;   r0x1002
                      00247 ;   r0x1003
                      00248 ;   r0x1004
                      00249 ;   r0x1005
                      00250 ;   r0x1006
                      00251 ;   r0x1007
                      00252 ;; Starting pCode block
                      00253 S_628aled__delay        code
0000                  00254 _delay:
                      00255 ; 2 exit points
gpasm-1.4.0 #1107 (May  9 2015) /home/murat/d   2-11-2020  15:51:34         PAGE  6


LOC    OBJECT CODE    LINE  SOURCE TEXT
  VALUE

                      00256 ;       .line   26; "628aled.c" void delay(uint16_t milisaniye)
0000   ???? ????      00257         BANKSEL r0x1000
0002   00??           00258         MOVWF   r0x1000
0003   08??           00259         MOVF    STK00,W
0004   00??           00260         MOVWF   r0x1001
                      00261 ;       .line   29; "628aled.c" for (i = 0; i < milisaniye; i++)
0005   01??           00262         CLRF    r0x1002
0006   01??           00263         CLRF    r0x1003
0007                  00264 _00111_DS_:
0007   ???? ????      00265         BANKSEL r0x1000
0009   08??           00266         MOVF    r0x1000,W
000A   02??           00267         SUBWF   r0x1003,W
000B   1D03           00268         BTFSS   STATUS,2
000C   2???           00269         GOTO    _00132_DS_
000D   08??           00270         MOVF    r0x1001,W
000E   02??           00271         SUBWF   r0x1002,W
000F                  00272 _00132_DS_:
000F   1803           00273         BTFSC   STATUS,0
0010   2???           00274         GOTO    _00113_DS_
                      00275 ;;genSkipc:3307: created from rifx:0x7ffd6633f3b0
                      00276 ;       .line   32; "628aled.c" for (j=0; j < 4; j++)
0011   3004           00277         MOVLW   0x04
0012   ???? ????      00278         BANKSEL r0x1004
0014   00??           00279         MOVWF   r0x1004
0015   01??           00280         CLRF    r0x1005
0016                  00281 _00109_DS_:
0016   0000           00282         nop     
0017   30FF           00283         MOVLW   0xff
0018   ???? ????      00284         BANKSEL r0x1004
001A   07??           00285         ADDWF   r0x1004,W
001B   00??           00286         MOVWF   r0x1006
001C   30FF           00287         MOVLW   0xff
001D   00??           00288         MOVWF   r0x1007
001E   3000           00289         MOVLW   0x00
001F   1803           00290         BTFSC   STATUS,0
0020   0F??           00291         INCFSZ  r0x1005,W
0021   07??           00292         ADDWF   r0x1007,F
0022   08??           00293         MOVF    r0x1006,W
0023   00??           00294         MOVWF   r0x1004
0024   08??           00295         MOVF    r0x1007,W
0025   00??           00296         MOVWF   r0x1005
                      00297 ;       .line   32; "628aled.c" for (j=0; j < 4; j++)
0026   08??           00298         MOVF    r0x1007,W
0027   04??           00299         IORWF   r0x1006,W
0028   1D03           00300         BTFSS   STATUS,2
0029   2???           00301         GOTO    _00109_DS_
                      00302 ;       .line   29; "628aled.c" for (i = 0; i < milisaniye; i++)
002A   0A??           00303         INCF    r0x1002,F
002B   1903           00304         BTFSC   STATUS,2
002C   0A??           00305         INCF    r0x1003,F
002D   2???           00306         GOTO    _00111_DS_
002E                  00307 _00113_DS_:
                      00308 ;       .line   35; "628aled.c" }
gpasm-1.4.0 #1107 (May  9 2015) /home/murat/d   2-11-2020  15:51:34         PAGE  7


LOC    OBJECT CODE    LINE  SOURCE TEXT
  VALUE

002E   0008           00309         RETURN  
                      00310 ; exit point of _delay
                      00311 
                      00312 
                      00313 ;       code size estimation:
                      00314 ;         104+   31 =   135 instructions (  332 byte)
                      00315 
                      00316         end
gpasm-1.4.0 #1107 (May  9 2015) /home/murat/d   2-11-2020  15:51:34         PAGE  8


SYMBOL TABLE
  LABEL                             VALUE

ACKDT                             00000005
ACKEN                             00000004
ACKSTAT                           00000006
ADCON0                            0000001F
ADCON1                            0000009F
ADCS0                             00000006
ADCS1                             00000007
ADCS2                             00000006
ADDEN                             00000003
ADFM                              00000007
ADIE                              00000006
ADIF                              00000006
ADON                              00000000
ADRESH                            0000001E
ADRESL                            0000009E
BCLIE                             00000003
BCLIF                             00000003
BF                                00000000
BRGH                              00000002
C                                 00000000
C1INV                             00000004
C1OUT                             00000006
C2INV                             00000005
C2OUT                             00000007
CCP1CON                           00000017
CCP1IE                            00000002
CCP1IF                            00000002
CCP1M0                            00000000
CCP1M1                            00000001
CCP1M2                            00000002
CCP1M3                            00000003
CCP1X                             00000005
CCP1Y                             00000004
CCP2CON                           0000001D
CCP2IE                            00000000
CCP2IF                            00000000
CCP2M0                            00000000
CCP2M1                            00000001
CCP2M2                            00000002
CCP2M3                            00000003
CCP2X                             00000005
CCP2Y                             00000004
CCPR1                             00000015
CCPR1H                            00000016
CCPR1L                            00000015
CCPR2                             0000001B
CCPR2H                            0000001C
CCPR2L                            0000001B
CHS0                              00000003
CHS1                              00000004
CHS2                              00000005
CIS                               00000003
CKE                               00000006
gpasm-1.4.0 #1107 (May  9 2015) /home/murat/d   2-11-2020  15:51:34         PAGE  9


SYMBOL TABLE
  LABEL                             VALUE 

CKP                               00000004
CM0                               00000000
CM1                               00000001
CM2                               00000002
CMCON                             0000009C
CMIE                              00000006
CMIF                              00000006
CREN                              00000004
CSRC                              00000007
CVR0                              00000000
CVR1                              00000001
CVR2                              00000002
CVR3                              00000003
CVRCON                            0000009D
CVREN                             00000007
CVROE                             00000006
CVRR                              00000005
D                                 00000005
DATA_ADDRESS                      00000005
DC                                00000001
D_A                               00000005
D_NOT_A                           00000005
EEADR                             0000010D
EEADRH                            0000010F
EECON1                            0000018C
EECON2                            0000018D
EEDATA                            0000010C
EEDATH                            0000010E
EEIE                              00000004
EEIF                              00000004
EEPGD                             00000007
F                                 00000001
FERR                              00000002
FSR                               00000004
GCEN                              00000007
GIE                               00000007
GO                                00000002
GO_DONE                           00000002
GO_NOT_DONE                       00000002
I2C_DATA                          00000005
I2C_READ                          00000002
I2C_START                         00000003
I2C_STOP                          00000004
IBF                               00000007
IBOV                              00000005
INDF                              00000000
INTCON                            0000000B
INTE                              00000004
INTEDG                            00000006
INTF                              00000001
IRP                               00000007
NOT_A                             00000005
NOT_ADDRESS                       00000005
gpasm-1.4.0 #1107 (May  9 2015) /home/murat/d   2-11-2020  15:51:34         PAGE 10


SYMBOL TABLE
  LABEL                             VALUE 

NOT_BO                            00000000
NOT_BOR                           00000000
NOT_DONE                          00000002
NOT_PD                            00000003
NOT_POR                           00000001
NOT_RBPU                          00000007
NOT_RC8                           00000006
NOT_T1SYNC                        00000002
NOT_TO                            00000004
NOT_TX8                           00000006
NOT_W                             00000002
NOT_WRITE                         00000002
OBF                               00000006
OERR                              00000001
OPTION_REG                        00000081
P                                 00000004
PCFG0                             00000000
PCFG1                             00000001
PCFG2                             00000002
PCFG3                             00000003
PCL                               00000002
PCLATH                            0000000A
PCON                              0000008E
PEIE                              00000006
PEN                               00000002
PIE1                              0000008C
PIE2                              0000008D
PIR1                              0000000C
PIR2                              0000000D
PORTA                             00000005
PORTB                             00000006
PORTC                             00000007
PORTD                             00000008
PORTE                             00000009
PR2                               00000092
PS0                               00000000
PS1                               00000001
PS2                               00000002
PSA                               00000003
PSAVE                             00000070
PSPIE                             00000007
PSPIF                             00000007
PSPMODE                           00000004
R                                 00000002
RA0                               00000000
RA1                               00000001
RA2                               00000002
RA3                               00000003
RA4                               00000004
RA5                               00000005
RB0                               00000000
RB1                               00000001
RB2                               00000002
gpasm-1.4.0 #1107 (May  9 2015) /home/murat/d   2-11-2020  15:51:34         PAGE 11


SYMBOL TABLE
  LABEL                             VALUE 

RB3                               00000003
RB4                               00000004
RB5                               00000005
RB6                               00000006
RB7                               00000007
RBIE                              00000003
RBIF                              00000000
RC0                               00000000
RC1                               00000001
RC2                               00000002
RC3                               00000003
RC4                               00000004
RC5                               00000005
RC6                               00000006
RC7                               00000007
RC8_9                             00000006
RC9                               00000006
RCD8                              00000000
RCEN                              00000003
RCIE                              00000005
RCIF                              00000005
RCREG                             0000001A
RCSTA                             00000018
RD                                00000000
RD0                               00000000
RD1                               00000001
RD2                               00000002
RD3                               00000003
RD4                               00000004
RD5                               00000005
RD6                               00000006
RD7                               00000007
RE0                               00000000
RE1                               00000001
RE2                               00000002
READ_WRITE                        00000002
RP0                               00000005
RP1                               00000006
RSEN                              00000001
RX9                               00000006
RX9D                              00000000
R_NOT_W                           00000002
R_W                               00000002
S                                 00000003
SEN                               00000000
SMP                               00000007
SPBRG                             00000099
SPEN                              00000007
SREN                              00000005
SSAVE                             00000071
SSPADD                            00000093
SSPBUF                            00000013
SSPCON                            00000014
gpasm-1.4.0 #1107 (May  9 2015) /home/murat/d   2-11-2020  15:51:34         PAGE 12


SYMBOL TABLE
  LABEL                             VALUE 

SSPCON2                           00000091
SSPEN                             00000005
SSPIE                             00000003
SSPIF                             00000003
SSPM0                             00000000
SSPM1                             00000001
SSPM2                             00000002
SSPM3                             00000003
SSPOV                             00000006
SSPSTAT                           00000094
STATUS                            00000003
STK00                             0000007F
STK01                             0000007E
STK02                             0000007D
STK03                             0000007C
STK04                             0000007B
STK05                             0000007A
STK06                             00000079
STK07                             00000078
STK08                             00000077
STK09                             00000076
STK10                             00000075
STK11                             00000074
STK12                             00000073
SYNC                              00000004
T0CS                              00000005
T0IE                              00000005
T0IF                              00000002
T0SE                              00000004
T1CKPS0                           00000004
T1CKPS1                           00000005
T1CON                             00000010
T1INSYNC                          00000002
T1OSCEN                           00000003
T1SYNC                            00000002
T2CKPS0                           00000000
T2CKPS1                           00000001
T2CON                             00000012
TMR0                              00000001
TMR0IE                            00000005
TMR0IF                            00000002
TMR1                              0000000E
TMR1CS                            00000001
TMR1H                             0000000F
TMR1IE                            00000000
TMR1IF                            00000000
TMR1L                             0000000E
TMR1ON                            00000000
TMR2                              00000011
TMR2IE                            00000001
TMR2IF                            00000001
TMR2ON                            00000002
TOUTPS0                           00000003
gpasm-1.4.0 #1107 (May  9 2015) /home/murat/d   2-11-2020  15:51:34         PAGE 13


SYMBOL TABLE
  LABEL                             VALUE 

TOUTPS1                           00000004
TOUTPS2                           00000005
TOUTPS3                           00000006
TRISA                             00000085
TRISA0                            00000000
TRISA1                            00000001
TRISA2                            00000002
TRISA3                            00000003
TRISA4                            00000004
TRISA5                            00000005
TRISB                             00000086
TRISB0                            00000000
TRISB1                            00000001
TRISB2                            00000002
TRISB3                            00000003
TRISB4                            00000004
TRISB5                            00000005
TRISB6                            00000006
TRISB7                            00000007
TRISC                             00000087
TRISC0                            00000000
TRISC1                            00000001
TRISC2                            00000002
TRISC3                            00000003
TRISC4                            00000004
TRISC5                            00000005
TRISC6                            00000006
TRISC7                            00000007
TRISD                             00000088
TRISD0                            00000000
TRISD1                            00000001
TRISD2                            00000002
TRISD3                            00000003
TRISD4                            00000004
TRISD5                            00000005
TRISD6                            00000006
TRISD7                            00000007
TRISE                             00000089
TRISE0                            00000000
TRISE1                            00000001
TRISE2                            00000002
TRMT                              00000001
TX8_9                             00000006
TX9                               00000006
TX9D                              00000000
TXD8                              00000000
TXEN                              00000005
TXIE                              00000004
TXIF                              00000004
TXREG                             00000019
TXSTA                             00000098
UA                                00000001
W                                 00000000
gpasm-1.4.0 #1107 (May  9 2015) /home/murat/d   2-11-2020  15:51:34         PAGE 14


SYMBOL TABLE
  LABEL                             VALUE 

WCOL                              00000007
WR                                00000001
WREN                              00000002
WRERR                             00000003
WSAVE                             00000072
Z                                 00000002
_00001_DS_                        00000016
_00002_DS_                        00000024
_00003_DS_                        00000029
_00004_DS_                        00000033
_00005_DS_                        00000041
_00006_DS_                        00000046
_00007_DS_                        0000005B
_00008_DS_                        00000069
_00009_DS_                        0000006E
_00109_DS_                        00000016
_00111_DS_                        00000007
_00113_DS_                        0000002E
_00132_DS_                        0000000F
_00138_DS_                        0000000C
_BODEN_OFF                        00003FBF
_BODEN_ON                         00003FFF
_BOREN_OFF                        00003FBF
_BOREN_ON                         00003FFF
_CONFIG                           00002007
_CPD_OFF                          00003FFF
_CPD_ON                           00003EFF
_CP_ALL                           00001FFF
_CP_OFF                           00003FFF
_CP_ON                            00001FFF
_DEBUG_OFF                        00003FFF
_DEBUG_ON                         000037FF
_DEVID1                           00002006
_FOSC_EXTRC                       00003FFF
_FOSC_HS                          00003FFE
_FOSC_LP                          00003FFC
_FOSC_XT                          00003FFD
_HS_OSC                           00003FFE
_IDLOC0                           00002000
_IDLOC1                           00002001
_IDLOC2                           00002002
_IDLOC3                           00002003
_LP_OSC                           00003FFC
_LVP_OFF                          00003F7F
_LVP_ON                           00003FFF
_PORTAbits                        00000000
_PORTBbits                        00000000
_PWRTE_OFF                        00003FFF
_PWRTE_ON                         00003FF7
_RC_OSC                           00003FFF
_S_628aled__main_004C             0000004C
_S_628aled__main_0074             00000074
_TRISAbits                        00000000
gpasm-1.4.0 #1107 (May  9 2015) /home/murat/d   2-11-2020  15:51:34         PAGE 15


SYMBOL TABLE
  LABEL                             VALUE 

_TRISBbits                        00000000
_WDTE_OFF                         00003FFB
_WDTE_ON                          00003FFF
_WDT_OFF                          00003FFB
_WDT_ON                           00003FFF
_WRT_1FOURTH                      00003BFF
_WRT_256                          00003DFF
_WRT_HALF                         000039FF
_WRT_OFF                          00003FFF
_XT_OSC                           00003FFD
__16F877A                         00000001
__CODE_END                        00001FFF
__CODE_START                      00000000
__COMMON_RAM_END                  0000007F
__COMMON_RAM_START                00000070
__EEPROM_END                      000021FF
__EEPROM_START                    00002100
__VECTOR_INT                      00000004
__VECTOR_RESET                    00000000
__sdcc_gsinit_startup             00000000
_delay                            00000000
_main                             00000000
r0x1000                           00000001
r0x1001                           00000000
r0x1002                           00000002
r0x1003                           00000003
r0x1004                           00000004
r0x1005                           00000005
r0x1006                           00000006
r0x1007                           00000007
r0x1008                           00000008
r0x1009                           00000009

Errors   :     0
Warnings :     0 reported,     0 suppressed
Messages :     0 reported,     0 suppressed

